exports[`test foo 1`] = `
"function reasonablyLongFunctionName(
  apple: string,
  banana: number,
  red: string,
) {}
"
`;
